
> prime-language-academy@0.1.0 build
> next build

Ôû▓ Next.js 16.1.6 (Turbopack)
- Environments: .env

node.exe : ÔÜá The "middleware" file convention is deprecated. Please use "proxy" instead. Learn more: https://nextjs.org/docs/messages/middleware-to-proxy
Au caractère Ligne:1 : 1
+ & "C:\Program Files\nodejs/node.exe" "C:\Program Files\nodejs/node_mo ...
+ ~~~~~~~~~~~~~~~~~~~~~~~~~~~~~~~~~~~~~~~~~~~~~~~~~~~~~~~~~~~~~~~~~~~~~
    + CategoryInfo          : NotSpecified: (ÔÜá The "middle...leware-to-proxy:String) [], RemoteException
    + FullyQualifiedErrorId : NativeCommandError
 
  Creating an optimized production build ...
Ô£ô Compiled successfully in 8.6s
  Running TypeScript ...
Failed to compile.

./src/app/dashboard/student/courses/page.tsx:60:50
Type error: 'progressData.completedLessonIds' is possibly 'undefined'.

[0m [90m 58 |[39m                                     key[33m=[39m{lesson[33m.[39mid}
 [90m 59 |[39m                                     lesson[33m=[39m{lesson}
[31m[1m>[22m[39m[90m 60 |[39m                                     
isCompleted[33m=[39m{progressData[33m.[39mcompletedLessonIds[33m.[39mincludes(lesson[33m.[39mid)}
 [90m    |[39m                                                  [31m[1m^[22m[39m
 [90m 61 |[39m                                 [33m/[39m[33m>[39m
 [90m 62 |[39m                             ))}
 [90m 63 |[39m                         [33m<[39m[33m/[39m[33mdiv[39m[33m>[39m[0m
Next.js build worker exited with code: 1 and signal: null
